
> amine-berkoukt-portfolio@1.0.0 build
> next build

   ▲ Next.js 15.5.20
   - Experiments (use with caution):
     · serverActions

   Creating an optimized production build ...
 ✓ Compiled successfully in 47s
   Linting and checking validity of types ...
   Collecting page data ...
   Generating static pages (0/4) ...
   Generating static pages (1/4) 
   Generating static pages (2/4) 
   Generating static pages (3/4) 
 ✓ Generating static pages (4/4)
   Finalizing page optimization ...
   Collecting build traces ...

Route (app)                                 Size  First Load JS
┌ ○ /                                     336 kB         438 kB
└ ○ /_not-found                            995 B         103 kB
+ First Load JS shared by all             102 kB
  ├ chunks/255-3981a3d1f3561bd8.js       46.2 kB
  ├ chunks/4bd1b696-c023c6e3521b1417.js  54.2 kB
  └ other shared chunks (total)          1.99 kB


○  (Static)  prerendered as static content

EXIT_CODE=0
